Archive member included because of file (symbol)

c:/winavr-20100110/bin/../lib/gcc/avr/4.3.3/avr5\libgcc.a(_udivmodsi4.o)
                              ./uart.o (__udivmodsi4)
c:/winavr-20100110/bin/../lib/gcc/avr/4.3.3/avr5\libgcc.a(_exit.o)
                              c:/winavr-20100110/bin/../lib/gcc/avr/4.3.3/../../../../avr/lib/avr5/crtm32.o (exit)
c:/winavr-20100110/bin/../lib/gcc/avr/4.3.3/avr5\libgcc.a(_copy_data.o)
                              ./app.o (__do_copy_data)
c:/winavr-20100110/bin/../lib/gcc/avr/4.3.3/avr5\libgcc.a(_clear_bss.o)
                              ./app.o (__do_clear_bss)
c:/winavr-20100110/bin/../lib/gcc/avr/4.3.3/../../../../avr/lib/avr5\libc.a(itoa.o)
                              ./lcd.o (itoa)
c:/winavr-20100110/bin/../lib/gcc/avr/4.3.3/../../../../avr/lib/avr5\libc.a(strrev.o)
                              c:/winavr-20100110/bin/../lib/gcc/avr/4.3.3/../../../../avr/lib/avr5\libc.a(itoa.o) (strrev)
c:/winavr-20100110/bin/../lib/gcc/avr/4.3.3/avr5\libgcc.a(_udivmodhi4.o)
                              c:/winavr-20100110/bin/../lib/gcc/avr/4.3.3/../../../../avr/lib/avr5\libc.a(itoa.o) (__udivmodhi4)

Memory Configuration

Name             Origin             Length             Attributes
text             0x00000000         0x00020000         xr
data             0x00800060         0x0000ffa0         rw !x
eeprom           0x00810000         0x00010000         rw !x
fuse             0x00820000         0x00000400         rw !x
lock             0x00830000         0x00000400         rw !x
signature        0x00840000         0x00000400         rw !x
*default*        0x00000000         0xffffffff

Linker script and memory map

LOAD c:/winavr-20100110/bin/../lib/gcc/avr/4.3.3/../../../../avr/lib/avr5/crtm32.o
LOAD ./app.o
LOAD ./gpio.o
LOAD ./keypad.o
LOAD ./lcd.o
LOAD ./main.o
LOAD ./timer.o
LOAD ./uart.o
LOAD c:/winavr-20100110/bin/../lib/gcc/avr/4.3.3/avr5\libgcc.a
LOAD c:/winavr-20100110/bin/../lib/gcc/avr/4.3.3/../../../../avr/lib/avr5\libc.a
LOAD c:/winavr-20100110/bin/../lib/gcc/avr/4.3.3/avr5\libgcc.a

.hash
 *(.hash)

.dynsym
 *(.dynsym)

.dynstr
 *(.dynstr)

.gnu.version
 *(.gnu.version)

.gnu.version_d
 *(.gnu.version_d)

.gnu.version_r
 *(.gnu.version_r)

.rel.init
 *(.rel.init)

.rela.init
 *(.rela.init)

.rel.text
 *(.rel.text)
 *(.rel.text.*)
 *(.rel.gnu.linkonce.t*)

.rela.text
 *(.rela.text)
 *(.rela.text.*)
 *(.rela.gnu.linkonce.t*)

.rel.fini
 *(.rel.fini)

.rela.fini
 *(.rela.fini)

.rel.rodata
 *(.rel.rodata)
 *(.rel.rodata.*)
 *(.rel.gnu.linkonce.r*)

.rela.rodata
 *(.rela.rodata)
 *(.rela.rodata.*)
 *(.rela.gnu.linkonce.r*)

.rel.data
 *(.rel.data)
 *(.rel.data.*)
 *(.rel.gnu.linkonce.d*)

.rela.data
 *(.rela.data)
 *(.rela.data.*)
 *(.rela.gnu.linkonce.d*)

.rel.ctors
 *(.rel.ctors)

.rela.ctors
 *(.rela.ctors)

.rel.dtors
 *(.rel.dtors)

.rela.dtors
 *(.rela.dtors)

.rel.got
 *(.rel.got)

.rela.got
 *(.rela.got)

.rel.bss
 *(.rel.bss)

.rela.bss
 *(.rela.bss)

.rel.plt
 *(.rel.plt)

.rela.plt
 *(.rela.plt)

.text           0x00000000     0x1168
 *(.vectors)
 .vectors       0x00000000       0x54 c:/winavr-20100110/bin/../lib/gcc/avr/4.3.3/../../../../avr/lib/avr5/crtm32.o
                0x00000000                __vectors
                0x00000000                __vector_default
 *(.vectors)
 *(.progmem.gcc*)
 *(.progmem*)
                0x00000054                . = ALIGN (0x2)
                0x00000054                __trampolines_start = .
 *(.trampolines)
 .trampolines   0x00000054        0x0 linker stubs
 *(.trampolines*)
                0x00000054                __trampolines_end = .
 *(.jumptables)
 *(.jumptables*)
 *(.lowtext)
 *(.lowtext*)
                0x00000054                __ctors_start = .
 *(.ctors)
                0x00000054                __ctors_end = .
                0x00000054                __dtors_start = .
 *(.dtors)
                0x00000054                __dtors_end = .
 SORT(*)(.ctors)
 SORT(*)(.dtors)
 *(.init0)
 .init0         0x00000054        0x0 c:/winavr-20100110/bin/../lib/gcc/avr/4.3.3/../../../../avr/lib/avr5/crtm32.o
                0x00000054                __init
 *(.init0)
 *(.init1)
 *(.init1)
 *(.init2)
 .init2         0x00000054        0xc c:/winavr-20100110/bin/../lib/gcc/avr/4.3.3/../../../../avr/lib/avr5/crtm32.o
 *(.init2)
 *(.init3)
 *(.init3)
 *(.init4)
 .init4         0x00000060       0x16 c:/winavr-20100110/bin/../lib/gcc/avr/4.3.3/avr5\libgcc.a(_copy_data.o)
                0x00000060                __do_copy_data
 .init4         0x00000076       0x10 c:/winavr-20100110/bin/../lib/gcc/avr/4.3.3/avr5\libgcc.a(_clear_bss.o)
                0x00000076                __do_clear_bss
 *(.init4)
 *(.init5)
 *(.init5)
 *(.init6)
 *(.init6)
 *(.init7)
 *(.init7)
 *(.init8)
 *(.init8)
 *(.init9)
 .init9         0x00000086        0x8 c:/winavr-20100110/bin/../lib/gcc/avr/4.3.3/../../../../avr/lib/avr5/crtm32.o
 *(.init9)
 *(.text)
 .text          0x0000008e        0x4 c:/winavr-20100110/bin/../lib/gcc/avr/4.3.3/../../../../avr/lib/avr5/crtm32.o
                0x0000008e                __vector_1
                0x0000008e                __vector_12
                0x0000008e                __bad_interrupt
                0x0000008e                __vector_6
                0x0000008e                __vector_3
                0x0000008e                __vector_11
                0x0000008e                __vector_13
                0x0000008e                __vector_17
                0x0000008e                __vector_19
                0x0000008e                __vector_5
                0x0000008e                __vector_4
                0x0000008e                __vector_2
                0x0000008e                __vector_15
                0x0000008e                __vector_8
                0x0000008e                __vector_14
                0x0000008e                __vector_10
                0x0000008e                __vector_16
                0x0000008e                __vector_18
                0x0000008e                __vector_20
 .text          0x00000092        0x0 ./app.o
 .text          0x00000092        0x0 ./gpio.o
 .text          0x00000092        0x0 ./keypad.o
 .text          0x00000092        0x0 ./lcd.o
 .text          0x00000092        0x0 ./main.o
 .text          0x00000092        0x0 ./timer.o
 .text          0x00000092        0x0 ./uart.o
 .text          0x00000092        0x0 c:/winavr-20100110/bin/../lib/gcc/avr/4.3.3/avr5\libgcc.a(_udivmodsi4.o)
 .text          0x00000092        0x0 c:/winavr-20100110/bin/../lib/gcc/avr/4.3.3/avr5\libgcc.a(_exit.o)
 .text          0x00000092        0x0 c:/winavr-20100110/bin/../lib/gcc/avr/4.3.3/avr5\libgcc.a(_copy_data.o)
 .text          0x00000092        0x0 c:/winavr-20100110/bin/../lib/gcc/avr/4.3.3/avr5\libgcc.a(_clear_bss.o)
 .text          0x00000092        0x0 c:/winavr-20100110/bin/../lib/gcc/avr/4.3.3/../../../../avr/lib/avr5\libc.a(itoa.o)
 .text          0x00000092        0x0 c:/winavr-20100110/bin/../lib/gcc/avr/4.3.3/../../../../avr/lib/avr5\libc.a(strrev.o)
 .text          0x00000092        0x0 c:/winavr-20100110/bin/../lib/gcc/avr/4.3.3/avr5\libgcc.a(_udivmodhi4.o)
                0x00000092                . = ALIGN (0x2)
 *(.text.*)
 .text.APP_openDoor
                0x00000092       0x64 ./app.o
                0x00000092                APP_openDoor
 .text.APP_sendError
                0x000000f6       0x64 ./app.o
                0x000000f6                APP_sendError
 .text.APP_timerControlLCD
                0x0000015a       0x34 ./app.o
 .text.APP_timerControlErrorState
                0x0000018e       0x22 ./app.o
 .text.APP_displayMainOption
                0x000001b0       0x50 ./app.o
                0x000001b0                APP_displayMainOption
 .text.APP_checkPassword
                0x00000200      0x184 ./app.o
                0x00000200                APP_checkPassword
 .text.APP_createChangePassword
                0x00000384      0x238 ./app.o
                0x00000384                APP_createChangePassword
 .text.APP_init
                0x000005bc       0x6c ./app.o
                0x000005bc                APP_init
 .text.GPIO_setupPinDirection
                0x00000628      0x10a ./gpio.o
                0x00000628                GPIO_setupPinDirection
 .text.GPIO_writePin
                0x00000732      0x10a ./gpio.o
                0x00000732                GPIO_writePin
 .text.GPIO_readPin
                0x0000083c       0x66 ./gpio.o
                0x0000083c                GPIO_readPin
 .text.GPIO_setupPortDirection
                0x000008a2       0x26 ./gpio.o
                0x000008a2                GPIO_setupPortDirection
 .text.GPIO_writePort
                0x000008c8       0x26 ./gpio.o
                0x000008c8                GPIO_writePort
 .text.GPIO_readPort
                0x000008ee       0x2a ./gpio.o
                0x000008ee                GPIO_readPort
 .text.KEYPAD_getPressedKey
                0x00000918      0x14a ./keypad.o
                0x00000918                KEYPAD_getPressedKey
 .text.LCD_displayCharacter
                0x00000a62      0x142 ./lcd.o
                0x00000a62                LCD_displayCharacter
 .text.LCD_displayString
                0x00000ba4       0x2a ./lcd.o
                0x00000ba4                LCD_displayString
 .text.LCD_intgerToString
                0x00000bce       0x44 ./lcd.o
                0x00000bce                LCD_intgerToString
 .text.LCD_sendCommand
                0x00000c12      0x142 ./lcd.o
                0x00000c12                LCD_sendCommand
 .text.LCD_clearScreen
                0x00000d54        0x8 ./lcd.o
                0x00000d54                LCD_clearScreen
 .text.LCD_moveCursor
                0x00000d5c       0x26 ./lcd.o
                0x00000d5c                LCD_moveCursor
 .text.LCD_displayStringRowColumn
                0x00000d82       0x16 ./lcd.o
                0x00000d82                LCD_displayStringRowColumn
 .text.LCD_init
                0x00000d98       0x64 ./lcd.o
                0x00000d98                LCD_init
 .text.main     0x00000dfc       0x70 ./main.o
                0x00000dfc                main
 .text.__vector_9
                0x00000e6c       0x52 ./timer.o
                0x00000e6c                __vector_9
 .text.__vector_7
                0x00000ebe       0x52 ./timer.o
                0x00000ebe                __vector_7
 .text.TIMER1_init
                0x00000f10       0x86 ./timer.o
                0x00000f10                TIMER1_init
 .text.Timer1_deInit
                0x00000f96        0xc ./timer.o
                0x00000f96                Timer1_deInit
 .text.Timer1_setCallBack
                0x00000fa2        0xa ./timer.o
                0x00000fa2                Timer1_setCallBack
 .text.UART_init
                0x00000fac       0x64 ./uart.o
                0x00000fac                UART_init
 .text.UART_sendByte
                0x00001010       0x10 ./uart.o
                0x00001010                UART_sendByte
 .text.UART_recieveByte
                0x00001020        0xe ./uart.o
                0x00001020                UART_recieveByte
 .text.UART_sendString
                0x0000102e       0x2a ./uart.o
                0x0000102e                UART_sendString
 .text.UART_receiveString
                0x00001058       0x3e ./uart.o
                0x00001058                UART_receiveString
 .text.libgcc   0x00001096       0x44 c:/winavr-20100110/bin/../lib/gcc/avr/4.3.3/avr5\libgcc.a(_udivmodsi4.o)
                0x00001096                __udivmodsi4
 .text.libgcc   0x000010da        0x0 c:/winavr-20100110/bin/../lib/gcc/avr/4.3.3/avr5\libgcc.a(_exit.o)
 .text.libgcc   0x000010da        0x0 c:/winavr-20100110/bin/../lib/gcc/avr/4.3.3/avr5\libgcc.a(_copy_data.o)
 .text.libgcc   0x000010da        0x0 c:/winavr-20100110/bin/../lib/gcc/avr/4.3.3/avr5\libgcc.a(_clear_bss.o)
 .text.avr-libc
                0x000010da       0x42 c:/winavr-20100110/bin/../lib/gcc/avr/4.3.3/../../../../avr/lib/avr5\libc.a(itoa.o)
                0x000010da                itoa
 .text.avr-libc
                0x0000111c       0x20 c:/winavr-20100110/bin/../lib/gcc/avr/4.3.3/../../../../avr/lib/avr5\libc.a(strrev.o)
                0x0000111c                strrev
 .text.libgcc   0x0000113c       0x28 c:/winavr-20100110/bin/../lib/gcc/avr/4.3.3/avr5\libgcc.a(_udivmodhi4.o)
                0x0000113c                __udivmodhi4
                0x00001164                . = ALIGN (0x2)
 *(.fini9)
 .fini9         0x00001164        0x0 c:/winavr-20100110/bin/../lib/gcc/avr/4.3.3/avr5\libgcc.a(_exit.o)
                0x00001164                exit
                0x00001164                _exit
 *(.fini9)
 *(.fini8)
 *(.fini8)
 *(.fini7)
 *(.fini7)
 *(.fini6)
 *(.fini6)
 *(.fini5)
 *(.fini5)
 *(.fini4)
 *(.fini4)
 *(.fini3)
 *(.fini3)
 *(.fini2)
 *(.fini2)
 *(.fini1)
 *(.fini1)
 *(.fini0)
 .fini0         0x00001164        0x4 c:/winavr-20100110/bin/../lib/gcc/avr/4.3.3/avr5\libgcc.a(_exit.o)
 *(.fini0)
                0x00001168                _etext = .

.data           0x00800060       0xe6 load address 0x00001168
                0x00800060                PROVIDE (__data_start, .)
 *(.data)
 .data          0x00800060        0x0 c:/winavr-20100110/bin/../lib/gcc/avr/4.3.3/../../../../avr/lib/avr5/crtm32.o
 .data          0x00800060       0xd5 ./app.o
 .data          0x00800135        0x0 ./gpio.o
 .data          0x00800135        0x0 ./keypad.o
 .data          0x00800135        0x0 ./lcd.o
 .data          0x00800135        0x0 ./main.o
 .data          0x00800135        0x0 ./timer.o
 .data          0x00800135        0x0 ./uart.o
 .data          0x00800135        0x0 c:/winavr-20100110/bin/../lib/gcc/avr/4.3.3/avr5\libgcc.a(_udivmodsi4.o)
 .data          0x00800135        0x0 c:/winavr-20100110/bin/../lib/gcc/avr/4.3.3/avr5\libgcc.a(_exit.o)
 .data          0x00800135        0x0 c:/winavr-20100110/bin/../lib/gcc/avr/4.3.3/avr5\libgcc.a(_copy_data.o)
 .data          0x00800135        0x0 c:/winavr-20100110/bin/../lib/gcc/avr/4.3.3/avr5\libgcc.a(_clear_bss.o)
 .data          0x00800135        0x0 c:/winavr-20100110/bin/../lib/gcc/avr/4.3.3/../../../../avr/lib/avr5\libc.a(itoa.o)
 .data          0x00800135        0x0 c:/winavr-20100110/bin/../lib/gcc/avr/4.3.3/../../../../avr/lib/avr5\libc.a(strrev.o)
 .data          0x00800135        0x0 c:/winavr-20100110/bin/../lib/gcc/avr/4.3.3/avr5\libgcc.a(_udivmodhi4.o)
 *(.data*)
 *(.rodata)
 *(.rodata*)
 .rodata.C.14.1619
                0x00800135        0x6 ./app.o
 .rodata.C.5.1517
                0x0080013b        0x6 ./app.o
 .rodata.C.4.1509
                0x00800141        0x5 ./app.o
 *(.gnu.linkonce.d*)
                0x00800146                . = ALIGN (0x2)
                0x00800146                _edata = .
                0x00800146                PROVIDE (__data_end, .)

.bss            0x00800146        0x7
                0x00800146                PROVIDE (__bss_start, .)
 *(.bss)
 .bss           0x00800146        0x0 c:/winavr-20100110/bin/../lib/gcc/avr/4.3.3/../../../../avr/lib/avr5/crtm32.o
 .bss           0x00800146        0x0 ./app.o
 .bss           0x00800146        0x0 ./gpio.o
 .bss           0x00800146        0x0 ./keypad.o
 .bss           0x00800146        0x0 ./lcd.o
 .bss           0x00800146        0x0 ./main.o
 .bss           0x00800146        0x0 ./timer.o
 .bss           0x00800146        0x0 ./uart.o
 .bss           0x00800146        0x0 c:/winavr-20100110/bin/../lib/gcc/avr/4.3.3/avr5\libgcc.a(_udivmodsi4.o)
 .bss           0x00800146        0x0 c:/winavr-20100110/bin/../lib/gcc/avr/4.3.3/avr5\libgcc.a(_exit.o)
 .bss           0x00800146        0x0 c:/winavr-20100110/bin/../lib/gcc/avr/4.3.3/avr5\libgcc.a(_copy_data.o)
 .bss           0x00800146        0x0 c:/winavr-20100110/bin/../lib/gcc/avr/4.3.3/avr5\libgcc.a(_clear_bss.o)
 .bss           0x00800146        0x0 c:/winavr-20100110/bin/../lib/gcc/avr/4.3.3/../../../../avr/lib/avr5\libc.a(itoa.o)
 .bss           0x00800146        0x0 c:/winavr-20100110/bin/../lib/gcc/avr/4.3.3/../../../../avr/lib/avr5\libc.a(strrev.o)
 .bss           0x00800146        0x0 c:/winavr-20100110/bin/../lib/gcc/avr/4.3.3/avr5\libgcc.a(_udivmodhi4.o)
 *(.bss*)
 .bss.g_flag    0x00800146        0x1 ./app.o
                0x00800146                g_flag
 .bss.tickThreeSeconds.1496
                0x00800147        0x1 ./app.o
 .bss.funcCallCount.1582
                0x00800148        0x1 ./app.o
 .bss.funcCallCount.1522
                0x00800149        0x1 ./app.o
 .bss.tickThreeSeconds.1502
                0x0080014a        0x1 ./app.o
 .bss.timer1_callBackPtr
                0x0080014b        0x2 ./timer.o
 *(COMMON)
                0x0080014d                PROVIDE (__bss_end, .)
                0x00001168                __data_load_start = LOADADDR (.data)
                0x0000124e                __data_load_end = (__data_load_start + SIZEOF (.data))

.noinit         0x0080014d        0x0
                0x0080014d                PROVIDE (__noinit_start, .)
 *(.noinit*)
                0x0080014d                PROVIDE (__noinit_end, .)
                0x0080014d                _end = .
                0x0080014d                PROVIDE (__heap_start, .)

.eeprom         0x00810000        0x0
 *(.eeprom*)
                0x00810000                __eeprom_end = .

.fuse
 *(.fuse)
 *(.lfuse)
 *(.hfuse)
 *(.efuse)

.lock
 *(.lock*)

.signature
 *(.signature*)

.stab           0x00000000     0x2e20
 *(.stab)
 .stab          0x00000000     0x14b8 ./app.o
 .stab          0x000014b8      0x558 ./gpio.o
                                0x7b0 (size before relaxing)
 .stab          0x00001a10      0x2ac ./keypad.o
                                0x510 (size before relaxing)
 .stab          0x00001cbc      0x810 ./lcd.o
                                0xa74 (size before relaxing)
 .stab          0x000024cc      0x27c ./main.o
                                0x540 (size before relaxing)
 .stab          0x00002748      0x36c ./timer.o
                                0x5ac (size before relaxing)
 .stab          0x00002ab4      0x36c ./uart.o
                                0x624 (size before relaxing)

.stabstr        0x00000000     0x140b
 *(.stabstr)
 .stabstr       0x00000000     0x140b ./app.o

.stab.excl
 *(.stab.excl)

.stab.exclstr
 *(.stab.exclstr)

.stab.index
 *(.stab.index)

.stab.indexstr
 *(.stab.indexstr)

.comment
 *(.comment)

.debug
 *(.debug)

.line
 *(.line)

.debug_srcinfo
 *(.debug_srcinfo)

.debug_sfnames
 *(.debug_sfnames)

.debug_aranges
 *(.debug_aranges)

.debug_pubnames
 *(.debug_pubnames)

.debug_info
 *(.debug_info)
 *(.gnu.linkonce.wi.*)

.debug_abbrev
 *(.debug_abbrev)

.debug_line
 *(.debug_line)

.debug_frame
 *(.debug_frame)

.debug_str
 *(.debug_str)

.debug_loc
 *(.debug_loc)

.debug_macinfo
 *(.debug_macinfo)
OUTPUT(MC1_HMI_ECU.elf elf32-avr)
LOAD linker stubs
